# General Tablespaces
A general tablespace is a shared InnoDB tablespace that is created using CREATE TABLESPACE syntax. (通用表空间是使用CREATE tablespace语法创建的共享InnoDB表空间。)

## General Tablespace Capabilities(General Tablespace 功能)
+ Similar to the system tablespace, general tablespaces are shared tablespaces capable of storing data for multiple tables.(与系统表空间类似，通用表空间是能够存储多个表的数据的共享表空间。)
+ [**相比于File-Per-Table表空间更节约内存**]General tablespaces have a potential memory advantage over file-per-table tablespaces. The server keeps tablespace metadata in memory for the lifetime of a tablespace. Multiple tables in fewer general tablespaces consume less memory for tablespace metadata than the same number of tables in separate file-per-table tablespaces.(一般表空间比file-per-table表空间具有潜在的内存优势。服务器在表空间的生命周期内将表空间元数据保存在内存中。在更少的通用表空间中的多个表消耗的表空间元数据内存比在单独的file-per-table表空间中的相同数量的表要少。)
+ [**单独表数据文件目录存储**]General tablespace data files can be placed in a directory relative to or independent of the MySQL data directory, which provides you with many of the data file and storage management capabilities of file-per-table tablespaces. As with file-per-table tablespaces, the ability to place data files outside of the MySQL data directory allows you to manage performance of critical tables separately, setup RAID or DRBD for specific tables, or bind tables to particular disks, for example.(一般表空间数据文件可以放置在相对于或独立于MySQL数据目录的目录中，这为您提供了许多数据文件和每个表文件的表空间的存储管理功能。与每表一个文件的表空间一样，将数据文件放在MySQL数据目录之外的能力允许您单独管理关键表的性能，例如，为特定表设置RAID或DRBD，或将表绑定到特定的磁盘。)
+ General tablespaces support all table row formats and associated features.(一般表空间支持所有的表行格式和相关特性。)
+ The TABLESPACE option can be used with CREATE TABLE to create tables in a general tablespaces, file-per-table tablespace, or in the system tablespace.(TABLESPACE选项可以与CREATE TABLE一起使用，用于在一般表空间、表文件表空间或系统表空间中创建表。)
+ The TABLESPACE option can be used with ALTER TABLE to move tables between general tablespaces, file-per-table tablespaces, and the system tablespace.(TABLESPACE选项可以与ALTER TABLE一起使用，在通用表空间、每个表文件的表空间和系统表空间之间移动表。)

## Creating a General Tablespace
General tablespaces are created using CREATE TABLESPACE syntax.
```sql
    CREATE TABLESPACE tablespace_name [ADD DATAFILE 'file_name'] [FILE_BLOCK_SIZE = value] [ENGINE [=] engine_name]
```

[**不允许创建在data子目录下**]A general tablespace can be created in the data directory or outside of it. To avoid conflicts with implicitly created file-per-table tablespaces, creating a general tablespace in a subdirectory under the data directory is not supported. When creating a general tablespace outside of the data directory, the directory must exist and must be known to InnoDB prior to creating the tablespace. To make an unknown directory known to InnoDB, add the directory to the innodb_directories argument value. innodb_directories is a read-only startup option. Configuring it requires restarting the server.(可以在数据目录中创建通用表空间，也可以在数据目录之外创建通用表空间。为避免与隐式创建的file-per-table表空间冲突，不支持在data目录下的子目录中创建通用表空间。当在数据目录之外创建通用表空间时，该目录必须存在，并且必须在创建表空间之前为InnoDB所知。要使一个未知目录为InnoDB所知，将该目录添加到innodb_directories参数值中。Innodb_directories是一个只读启动选项。配置它需要重新启动服务器。)
```sql
   mysql> CREATE TABLESPACE `wei_general_03` ADD DATAFILE '/home/wei/WorkSpace/open_source/MySQL/001.SOURCE_CODE/000.mysql-server-5.7/build/000.build-scripts/data/He/wei_
general_03.ibd' Engine=InnoDB;
   ERROR 3121 (HY000): Incorrect File Name '/home/wei/WorkSpace/open_source/MySQL/001.SOURCE_CODE/000.mysql-server-5.7/build/000.build-scripts/data/He/wei_general_03.ibd'.
```

### Examples
Creating a general tablespace in the data directory:
```sql
    mysql> CREATE TABLESPACE `wei_general_table_space_01` ADD DATAFILE 'wei_general_table_space_01.ibd' Engine=InnoDB;
    Query OK, 0 rows affected (0.04 sec)
    
    > 文件在${datadir=/home/wei/WorkSpace/open_source/MySQL/001.SOURCE_CODE/000.mysql-server-5.7/build/000.build-scripts/data} 目录下

    OR 
    
    mysql> CREATE TABLESPACE `wei_general_table_space_02` Engine=InnoDB; MySQL 8开始支持，5.7版本需要ADD DATAFILE子句
```

The ADD DATAFILE clause is optional as of MySQL 8.0.14 and required before that. If the ADD DATAFILE clause is not specified when creating a tablespace, a tablespace data file with a unique file name is created implicitly. The unique file name is a 128 bit UUID formatted into five groups of hexadecimal numbers separated by dashes (aaaaaaaa-bbbb-cccc-dddd-eeeeeeeeeeee). General tablespace data files include an .ibd file extension. In a replication environment, the data file name created on the source is not the same as the data file name created on the replica.(ADD DATAFILE子句在MySQL 8.0.14中是可选的，在此之前是必需的。如果在创建表空间时没有指定ADD DATAFILE子句，则隐式创建一个具有唯一文件名的表空间数据文件。唯一文件名是一个128位的UUID，格式为5组十六进制数字，用破破号(aaaaaaaa-bbbb-cccc-dddd-eeeeeeeeee)分隔。一般表空间数据文件的扩展名为“。ibd”。在复制环境中，源端创建的数据文件名与副本端创建的数据文件名不一致。)

[**在data directory目录外创建general表空间**]Creating a general tablespace in a directory outside of the data directory:
```sql
    mysql> CREATE TABLESPACE `wei_general_02` ADD DATAFILE '/home/wei/WorkSpace/open_source/MySQL/001.SOURCE_CODE/000.mysql-server-5.7/build/000.build-scripts/data_ano/Hei
/wei_general_02.ibd' Engine=InnoDB;
    Query OK, 0 rows affected (0.02 sec)
```

## Adding Tables to a General Tablespace
After creating a general tablespace, CREATE TABLE tbl_name ... TABLESPACE [=] tablespace_name or ALTER TABLE tbl_name TABLESPACE [=] tablespace_name statements can be used to add tables to the tablespace, as shown in the following examples:
```sql
     mysql> CREATE TABLE t1 (c1 INT PRIMARY KEY) TABLESPACE wei_general_02;
     Query OK, 0 rows affected (0.04 sec)
     
     mysql> alter table t1 tablespace wei_general_table_space_01;
     Query OK, 0 rows affected (0.06 sec)
     Records: 0  Duplicates: 0  Warnings: 0
```

## General Tablespace Row Format Support
[**行格式不能共存**]General tablespaces support all table row formats (REDUNDANT, COMPACT, DYNAMIC, COMPRESSED) with the caveat that compressed and uncompressed tables cannot coexist in the same general tablespace due to different physical page sizes.(一般表空间支持所有的表行格式(REDUNDANT, COMPACT, DYNAMIC, COMPRESSED)，但需要注意的是，由于物理页大小不同，压缩表和未压缩表不能在同一通用表空间中共存。)

For a general tablespace to contain compressed tables (ROW_FORMAT=COMPRESSED), the FILE_BLOCK_SIZE option must be specified, and the FILE_BLOCK_SIZE value must be a valid compressed page size in relation to the innodb_page_size value. Also, the physical page size of the compressed table (KEY_BLOCK_SIZE) must be equal to FILE_BLOCK_SIZE/1024. For example, if innodb_page_size=16KB and FILE_BLOCK_SIZE=8K, the KEY_BLOCK_SIZE of the table must be 8. (对于包含压缩表(ROW_FORMAT= compressed)的普通表空间，必须指定FILE_BLOCK_SIZE选项，并且FILE_BLOCK_SIZE值必须是相对于innodb_page_size值的有效压缩页大小。此外，压缩表的物理页大小(KEY_BLOCK_SIZE)必须等于FILE_BLOCK_SIZE/1024。例如，innodb_page_size=16KB, FILE_BLOCK_SIZE=8K，则表的KEY_BLOCK_SIZE必须为8。)

### Permitted Page Size, FILE_BLOCK_SIZE, and KEY_BLOCK_SIZE Combinations for Compressed Tables
|InnoDB Page Size (innodb_page_size)|	Permitted FILE_BLOCK_SIZE Value	|Permitted KEY_BLOCK_SIZE Value|
|-|-|-|
|64KB	|64K (65536)|	Compression is not supported|
|32KB	|32K (32768)|	Compression is not supported|
|16KB	|16K (16384)|	None. If innodb_page_size is equal to FILE_BLOCK_SIZE, the tablespace cannot contain a compressed table.|
|16KB	|8K (8192)|	8|
|16KB	|4K (4096)|	4|
|16KB	|2K (2048)|	2|
|16KB	|1K (1024)	|1|
|8KB	|8K (8192)|	None. If innodb_page_size is equal to FILE_BLOCK_SIZE, the tablespace cannot contain a compressed table.|
|8KB	|4K (4096)|	4|
|8KB	|2K (2048)|	2|
|8KB	|1K (1024)|	1|
|4KB	|4K (4096)|	None. If innodb_page_size is equal to FILE_BLOCK_SIZE, the tablespace cannot contain a compressed table.|
|4KB	|2K (2048)|	2|
|4KB	|1K (1024)	|1|

This example demonstrates creating a general tablespace and adding a compressed table. The example assumes a default innodb_page_size of 16KB. The FILE_BLOCK_SIZE of 8192 requires that the compressed table have a KEY_BLOCK_SIZE of 8.
```sql
    mysql> CREATE TABLESPACE `ts2` ADD DATAFILE 'ts2.ibd' FILE_BLOCK_SIZE = 8192 Engine=InnoDB;

    mysql> CREATE TABLE t4 (c1 INT PRIMARY KEY) TABLESPACE ts2 ROW_FORMAT=COMPRESSED KEY_BLOCK_SIZE=8;
```

If you do not specify FILE_BLOCK_SIZE when creating a general tablespace, FILE_BLOCK_SIZE defaults to innodb_page_size. When FILE_BLOCK_SIZE is equal to innodb_page_size, the tablespace may only contain tables with an uncompressed row format (COMPACT, REDUNDANT, and DYNAMIC row formats).(如果在创建通用表空间时没有指定FILE_BLOCK_SIZE，则FILE_BLOCK_SIZE默认为innodb_page_size。当FILE_BLOCK_SIZE等于innodb_page_size时，表空间只能包含未压缩的行格式(COMPACT、冗余和DYNAMIC行格式)。)

## Moving Tables Between Tablespaces Using ALTER TABLE
ALTER TABLE with the TABLESPACE option can be used to move a table to an existing general tablespace, to a new file-per-table tablespace, or to the system tablespace.(带TABLESPACE选项的ALTER TABLE可用于将表移动到现有的通用表空间、新表文件表空间或系统表空间。)

Support for placing table partitions in shared tablespaces was deprecated in MySQL 5.7.24 and removed MySQL 8.0.13. Shared tablespaces include the InnoDB system tablespace and general tablespaces.(在MySQL 5.7.24中不支持在共享表空间中放置表分区，并在MySQL 8.0.13中删除。共享表空间包括InnoDB系统表空间和通用表空间。)

To move a table from a file-per-table tablespace or from the system tablespace to a general tablespace, specify the name of the general tablespace. The general tablespace must exist. See ALTER TABLESPACE for more information.(要将表从file-per-table表空间或系统表空间移动到通用表空间，请指定通用表空间的名称。通用表空间必须存在。更多信息请参见ALTER TABLESPACE。)
```sql
    ALTER TABLE tbl_name TABLESPACE [=] tablespace_name;
```

To move a table from a general tablespace or file-per-table tablespace to the system tablespace, specify innodb_system as the tablespace name.(移动到系统表空间)
```sql
   ALTER TABLE tbl_name TABLESPACE [=] innodb_system;
```

To move a table from the system tablespace or a general tablespace to a file-per-table tablespace, specify innodb_file_per_table as the tablespace name.(移动到file-per-table表空间)
```sql
    ALTER TABLE tbl_name TABLESPACE [=] innodb_file_per_table;
```

[**修改表空间需要完全重建表**]ALTER TABLE ... TABLESPACE operations cause a full table rebuild, even if the TABLESPACE attribute has not changed from its previous value.

[**无法持久临时表空间**]ALTER TABLE ... TABLESPACE syntax does not support moving a table from a temporary tablespace to a persistent tablespace.

The DATA DIRECTORY clause is permitted with CREATE TABLE ...  TABLESPACE=innodb_file_per_table but is otherwise not supported for use in combination with the TABLESPACE option.  As of MySQL 8.0.21, the directory specified in a DATA DIRECTORY clause must be known to InnoDB.  For more information, see Using the DATA DIRECTORY Clause.(DATA DIRECTORY子句允许使用CREATE TABLE…TABLESPACE=innodb_file_per_table，但不支持与TABLESPACE选项结合使用。从MySQL 8.0.21开始，在DATA directory子句中指定的目录必须为InnoDB所知。有关更多信息，请参见使用DATA DIRECTORY子句。)


## Renaming a General Tablespace
Renaming a general tablespace is supported using ALTER TABLESPACE ... RENAME TO syntax.
```sql
   ALTER TABLESPACE s1 RENAME TO s2;
```

## Dropping a General Tablespace
The DROP TABLESPACE statement is used to drop an InnoDB general tablespace.

All tables must be dropped from the tablespace prior to a DROP TABLESPACE operation. If the tablespace is not empty, DROP TABLESPACE returns an error.(在执行DROP tablespace操作之前，必须将所有表从表空间中删除。如果表空间不为空，DROP tablespace将返回错误。)

Use a query similar to the following to identify tables in a general tablespace.(使用类似于下面的查询来标识普通表空间中的表。)
```sql
   mysql> SELECT a.NAME AS space_name, b.NAME AS table_name FROM INFORMATION_SCHEMA.INNODB_TABLESPACES a,
       INFORMATION_SCHEMA.INNODB_TABLES b WHERE a.SPACE=b.SPACE AND a.NAME LIKE 'ts1';
    +------------+------------+
    | space_name | table_name |
    +------------+------------+
    | ts1        | test/t1    |
    | ts1        | test/t2    |
    | ts1        | test/t3    |
    +------------+------------+
```
A general tablespace does not belong to any particular database. A DROP DATABASE operation can drop tables that belong to a general tablespace but it cannot drop the tablespace, even if the DROP DATABASE operation drops all tables that belong to the tablespace.(一般表空间不属于任何特定的数据库。DROP DATABASE操作可以删除属于通用表空间的表，但不能删除表空间，即使DROP DATABASE操作删除了属于该表空间的所有表。)

Similar to the system tablespace, truncating or dropping tables stored in a general tablespace creates free space internally in the general tablespace .ibd data file which can only be used for new InnoDB data. Space is not released back to the operating system as it is when a file-per-table tablespace is deleted during a DROP TABLE operation.(与系统表空间类似，截断或删除存储在通用表空间中的表将在通用表空间。ibd数据文件中创建内部空闲空间，该空间只能用于新的InnoDB数据。空间不会像在DROP TABLE操作中删除file-per-table表空间那样被释放回操作系统。)

## General Tablespace Limitations
+ A generated or existing tablespace cannot be changed to a general tablespace.
+ Creation of temporary general tablespaces is not supported.
+ General tablespaces do not support temporary tables.
+ [**表删除后，不会返还给OS**]Similar to the system tablespace, truncating or dropping tables stored in a general tablespace creates free space internally in the general tablespace .ibd data file which can only be used for new InnoDB data. Space is not released back to the operating system as it is for file-per-table tablespaces.
  - Additionally, a table-copying ALTER TABLE operation on table that resides in a shared tablespace (a general tablespace or the system tablespace) can increase the amount of space used by the tablespace. Such operations require as much additional space as the data in the table plus indexes. The additional space required for the table-copying ALTER TABLE operation is not released back to the operating system as it is for file-per-table tablespaces.（此外，对位于共享表空间(通用表空间或系统表空间)中的表执行复制表的ALTER TABLE操作会增加表空间所使用的空间量。这些操作需要与表中的数据加上索引一样多的额外空间。复制表的ALTER TABLE操作所需的额外空间不会像文件表表空间那样释放回操作系统。）
+ ALTER TABLE ... DISCARD TABLESPACE and ALTER TABLE ...IMPORT TABLESPACE are not supported for tables that belong to a general tablespace.
+ Support for placing table partitions in general tablespaces was deprecated in MySQL 5.7.24 and removed in MySQL 8.0.13.(在MySQL 5.7.24中不支持在普通表空间中放置表分区，并在MySQL 8.0.13中删除。)
+ The ADD DATAFILE clause is not supported in a replication environment where the source and replica reside on the same host, as it would cause the source and replica to create a tablespace of the same name in the same location, which is not supported. However, if the ADD DATAFILE clause is omitted, the tablespace is created in the data directory with a generated file name that is unique, which is permitted.(在源和副本位于同一主机上的复制环境中，不支持ADD DATAFILE子句，因为它会导致源和副本在同一位置创建同名的表空间，这是不支持的。但是，如果省略ADD DATAFILE子句，则在data目录中创建表空间，生成的文件名是唯一的，这是允许的。)
+ As of MySQL 8.0.21, general tablespaces cannot be created in the undo tablespace directory (innodb_undo_directory) unless that directly is known to InnoDB. Known directories are those defined by the datadir, innodb_data_home_dir, and innodb_directories variables.(从MySQL 8.0.21开始，一般表空间不能在undo表空间目录(innodb_undo_directory)中创建，除非InnoDB直接知道这个目录。已知目录是由datadir、innodb_data_home_dir和innodb_directories变量定义的目录。)

## 参考资料
1. [General Tablespaces](https://dev.mysql.com/doc/refman/8.0/en/general-tablespaces.html)



















